node.exe : FAIL 
tests/cli/create.test.js
At line:1 char:1
+ & "C:\Program 
Files\nodejs/node.exe" 
"C:\Users\Dell\AppData\Roaming\n ...
+ ~~~~~~~~~~~~~~~~~~~~~~~~~~~~~~~~~~
~~~~~~~~~~~~~~~~~~~~~~~~~~~~~~~~~~~
    + CategoryInfo          : NotSp 
   ecified: (FAIL tests/cli/create  
  .test.js:String) [], RemoteExce   
 ption
    + FullyQualifiedErrorId : Nativ 
   eCommandError
 
  ● Test suite failed to run

    Jest encountered an unexpected 
token

    Jest failed to parse a file. 
This happens e.g. when your code or 
its dependencies use non-standard 
JavaScript syntax, or when Jest is 
not configured to support such 
syntax.

    Out of the box Jest supports 
Babel, which will be used to 
transform your files into valid JS 
based on your Babel configuration.

    By default "node_modules" 
folder is ignored by transformers.

    Here's what you can do:
     • If you are trying to use 
ECMAScript Modules, see https://jest
js.io/docs/ecmascript-modules for 
how to enable it.
     • If you are trying to use 
TypeScript, see https://jestjs.io/do
cs/getting-started#using-typescript
     • To have some of your 
"node_modules" files transformed, 
you can specify a custom 
"transformIgnorePatterns" in your 
config.
     • If you need a custom 
transformation specify a 
"transform" option in your config.
     • If you simply want to mock 
your non-JS modules (e.g. binary 
assets) you can stub them out with 
the "moduleNameMapper" config 
option.

    You'll find more details and 
examples of these config options in 
the docs:
    
https://jestjs.io/docs/configuration
    For information about custom 
transformations, see:
    https://jestjs.io/docs/code-tran
sformation

    Details:

    SyntaxError: D:\Github\google-an
tigravity\cli\create.js: Unexpected 
token (299:0)

    [0m [90m 297 |[39m     }
     [90m 298 |[39m }
    [31m[1m>[22m[39m[90m 299 
|[39m }
     [90m     |[39m 
[31m[1m^[22m[39m
     [90m 300 |[39m
     [90m 301 |[39m 
[36mfunction[39m 
generateGeminiMd(rules[33m,[39m 
language [33m=[39m 
[32m'en'[39m[33m,[39m industry 
[33m=[39m 
[32m'other'[39m[33m,[39m 
agentName [33m=[39m 
[32m'Antigravity'[39m) {
     [90m 302 |[39m     
[36mconst[39m strictness 
[33m=[39m {[0m

    [0m[31m[1m>[22m[39m[90m 1 
|[39m [36mconst[39m { 
generateGeminiMd } [33m=[39m requi
re([32m'../../cli/create'[39m)[33
m;[39m
     [90m   |[39m                 
             [31m[1m^[22m[39m
     [90m 2 |[39m
     [90m 3 |[39m 
describe([32m'CLI 
Create'[39m[33m,[39m () 
[33m=>[39m {
     [90m 4 |[39m     describe([3
2m'generateGeminiMd'[39m[33m,[39m
 () [33m=>[39m {[0m

      at constructor (node_modules/@
babel/parser/src/parse-error.ts:95:4
5)
      at Parser.toParseError [as 
raise] (node_modules/@babel/parser/s
rc/tokenizer/index.ts:1504:19)
      at Parser.raise [as 
unexpected] (node_modules/@babel/par
ser/src/tokenizer/index.ts:1544:16)
      at Parser.unexpected [as 
parseExprAtom] (node_modules/@babel/
parser/src/parser/expression.ts:1355
:22)
      at Parser.parseExprAtom [as 
parseExprSubscripts] (node_modules/@
babel/parser/src/parser/expression.t
s:742:23)
      at Parser.parseExprSubscripts 
[as parseUpdate] (node_modules/@babe
l/parser/src/parser/expression.ts:72
1:21)
      at Parser.parseUpdate [as 
parseMaybeUnary] (node_modules/@babe
l/parser/src/parser/expression.ts:68
3:23)
      at Parser.parseMaybeUnary [as 
parseMaybeUnaryOrPrivate] (node_modu
les/@babel/parser/src/parser/express
ion.ts:417:14)
      at 
Parser.parseMaybeUnaryOrPrivate [as 
parseExprOps] (node_modules/@babel/p
arser/src/parser/expression.ts:429:2
3)
      at Parser.parseExprOps [as 
parseMaybeConditional] (node_modules
/@babel/parser/src/parser/expression
.ts:384:23)
      at 
Parser.parseMaybeConditional [as 
parseMaybeAssign] (node_modules/@bab
el/parser/src/parser/expression.ts:3
01:21)
      at Parser.parseMaybeAssign 
[as parseExpressionBase] (node_modul
es/@babel/parser/src/parser/expressi
on.ts:226:23)
      at parseExpressionBase (node_m
odules/@babel/parser/src/parser/expr
ession.ts:217:39)
      at Parser.callback [as 
allowInAnd] (node_modules/@babel/par
ser/src/parser/expression.ts:3189:16
)
      at Parser.allowInAnd [as 
parseExpression] (node_modules/@babe
l/parser/src/parser/expression.ts:21
7:17)
      at Parser.parseExpression [as 
parseStatementContent] (node_modules
/@babel/parser/src/parser/statement.
ts:688:23)
      at 
Parser.parseStatementContent [as 
parseStatementLike] (node_modules/@b
abel/parser/src/parser/statement.ts:
482:17)
      at Parser.parseStatementLike 
[as parseModuleItem] (node_modules/@
babel/parser/src/parser/statement.ts
:419:17)
      at Parser.parseModuleItem [as 
parseBlockOrModuleBlockBody] (node_m
odules/@babel/parser/src/parser/stat
ement.ts:1443:16)
      at 
Parser.parseBlockOrModuleBlockBody 
[as parseBlockBody] (node_modules/@b
abel/parser/src/parser/statement.ts:
1417:10)
      at Parser.parseBlockBody [as 
parseProgram] (node_modules/@babel/p
arser/src/parser/statement.ts:229:10
)
      at Parser.parseProgram [as 
parseTopLevel] (node_modules/@babel/
parser/src/parser/statement.ts:203:2
5)
      at Parser.parseTopLevel [as 
parse] (node_modules/@babel/parser/s
rc/parser/index.ts:83:25)
      at parse (node_modules/@babel/
parser/src/index.ts:86:38)
      at parser (node_modules/@babel
/core/src/parser/index.ts:29:19)
          at parser.next 
(<anonymous>)
      at normalizeFile (node_modules
/@babel/core/src/transformation/norm
alize-file.ts:50:24)
          at normalizeFile.next 
(<anonymous>)
      at run (node_modules/@babel/co
re/src/transformation/index.ts:41:36
)
          at run.next (<anonymous>)
      at transform (node_modules/@ba
bel/core/src/transform.ts:29:20)
          at transform.next 
(<anonymous>)
      at evaluateSync (node_modules/
gensync/index.js:251:28)
      at sync (node_modules/gensync/
index.js:89:14)
      at fn (node_modules/@babel/cor
e/src/errors/rewrite-stack-trace.ts:
99:14)
      at transformSync (node_modules
/@babel/core/src/transform.ts:66:52)
      at 
ScriptTransformer.transformSource (n
ode_modules/@jest/transform/build/Sc
riptTransformer.js:545:31)
      at ScriptTransformer._transfor
mAndBuildScript (node_modules/@jest/
transform/build/ScriptTransformer.js
:674:40)
      at 
ScriptTransformer.transform (node_mo
dules/@jest/transform/build/ScriptTr
ansformer.js:726:19)
      at Object.require 
(tests/cli/create.test.js:1:30)

----------|---------|----------|---------|---------|-------------------
File      | % Stmts | % Branch | % Funcs | % Lines | Uncovered Line #s 
----------|---------|----------|---------|---------|-------------------
All files |       0 |        0 |       0 |       0 |                   
----------|---------|----------|---------|---------|-------------------
Test Suites: 1 failed, 1 total
Tests:       0 total
Snapshots:   0 total
Time:        0.602 s
Ran all test suites matching 
/tests\\cli\\create.test.js/i.
